// Jest Snapshot v1, https://goo.gl/fbAQLP

exports[`Gatsby prismic pagination should call the supplied createPage function with the appropriate args 1`] = `
Array [
  Object {
    "component": "wibble-da-quibble",
    "context": Object {
      "first": 14,
      "nextPagePath": "/jibble-da-flibble/2",
      "slug": "/jibble-da-flibble",
    },
    "path": "/jibble-da-flibble",
  },
]
`;

exports[`Gatsby prismic pagination should call the supplied graphql function with the appropriate query 1`] = `
Array [
  "
      query {
        prismic {
          allBig_kahoonas(first: 14, 
      sortBy: someField_DESC, id: wrizzle-ma-sizzle, ) {
            edges {
              node {
                beep
                ,boop
                ,sloop
                
                _meta {
                  id
                }
              }
            }
            pageInfo {
              hasNextPage
              startCursor
              endCursor
              hasPreviousPage
            }
          }
        }
      }
    ",
]
`;
